 
nishant@5CG5091YTY MINGW64 /c/My_DataScience_Projects (master)
$ git branch
* master

nishant@5CG5091YTY MINGW64 /c/My_DataScience_Projects (master)
$ git pull
Already up to date.

nishant@5CG5091YTY MINGW64 /c/My_DataScience_Projects (master)
$ git checkout -b dev/nishant/data science work
fatal: Cannot update paths and switch to branch 'dev/nishant/data' at the same time.

nishant@5CG5091YTY MINGW64 /c/My_DataScience_Projects (master)
$ git checkout -b dev/nishant/work
Switched to a new branch 'dev/nishant/work'

nishant@5CG5091YTY MINGW64 /c/My_DataScience_Projects (dev/nishant/work)
$ git branch
* dev/nishant/work
  master

nishant@5CG5091YTY MINGW64 /c/My_DataScience_Projects (dev/nishant/work)
$ git status
On branch dev/nishant/work
Untracked files:
  (use "git add <file>..." to include in what will be committed)

        Datacamp/comment.txt

nothing added to commit but untracked files present (use "git add" to track)

nishant@5CG5091YTY MINGW64 /c/My_DataScience_Projects (dev/nishant/work)
$ git add Datacamp/comment.txt

nishant@5CG5091YTY MINGW64 /c/My_DataScience_Projects (dev/nishant/work)
$ git commit -m "minor update"
[dev/nishant/work 8a33012] minor update
 Committer: Nishant Tyagi T <nishant.t.tyagi@ericsson.com>
Your name and email address were configured automatically based
on your username and hostname. Please check that they are accurate.
You can suppress this message by setting them explicitly. Run the
following command and follow the instructions in your editor to edit
your configuration file:

    git config --global --edit

After doing this, you may fix the identity used for this commit with:

    git commit --amend --reset-author

 1 file changed, 2 insertions(+)
 create mode 100644 Datacamp/comment.txt

nishant@5CG5091YTY MINGW64 /c/My_DataScience_Projects (dev/nishant/work)
$ git push
fatal: The current branch dev/nishant/work has no upstream branch.
To push the current branch and set the remote as upstream, use

    git push --set-upstream origin dev/nishant/work


nishant@5CG5091YTY MINGW64 /c/My_DataScience_Projects (dev/nishant/work)
$ git push --set-upstream origin dev/nishant/work
Enumerating objects: 6, done.
Counting objects: 100% (6/6), done.
Delta compression using up to 4 threads
Compressing objects: 100% (3/3), done.
Writing objects: 100% (4/4), 373 bytes | 186.00 KiB/s, done.
Total 4 (delta 2), reused 0 (delta 0)
remote: Resolving deltas: 100% (2/2), completed with 2 local objects.
remote:
remote: Create a pull request for 'dev/nishant/work' on GitHub by visiting:
remote:      https://github.com/tyagi-nishant/Data-Science-Proj-Sol/pull/new/dev/nishant/work
remote:
To https://github.com/tyagi-nishant/Data-Science-Proj-Sol.git
 * [new branch]      dev/nishant/work -> dev/nishant/work
Branch 'dev/nishant/work' set up to track remote branch 'dev/nishant/work' from'origin'.

nishant@5CG5091YTY MINGW64 /c/My_DataScience_Projects (dev/nishant/work)
$ git branch
* dev/nishant/work
  master

nishant@5CG5091YTY MINGW64 /c/My_DataScience_Projects (dev/nishant/work)
$ git checkout master
Switched to branch 'master'
Your branch is up to date with 'origin/master'.

nishant@5CG5091YTY MINGW64 /c/My_DataScience_Projects (master)
$ gti branch
bash: gti: command not found

nishant@5CG5091YTY MINGW64 /c/My_DataScience_Projects (master)
$ git branch
  dev/nishant/work
* master

nishant@5CG5091YTY MINGW64 /c/My_DataScience_Projects (master)
$ git checkout dev/nishant/work
Switched to branch 'dev/nishant/work'
Your branch is up to date with 'origin/dev/nishant/work'.

nishant@5CG5091YTY MINGW64 /c/My_DataScience_Projects (dev/nishant/work)
$ git checkout master
Switched to branch 'master'
Your branch is up to date with 'origin/master'.

nishant@5CG5091YTY MINGW64 /c/My_DataScience_Projects (master)
$ git branch
  dev/nishant/work
* master

nishant@5CG5091YTY MINGW64 /c/My_DataScience_Projects (master)
$ git pull
remote: Enumerating objects: 1, done.
remote: Counting objects: 100% (1/1), done.
remote: Total 1 (delta 0), reused 0 (delta 0), pack-reused 0
Unpacking objects: 100% (1/1), done.
From https://github.com/tyagi-nishant/Data-Science-Proj-Sol
   c999a03..f486325  master     -> origin/master
Updating c999a03..f486325
Fast-forward
 Datacamp/comment.txt | 2 ++
 1 file changed, 2 insertions(+)
 create mode 100644 Datacamp/comment.txt

nishant@5CG5091YTY MINGW64 /c/My_DataScience_Projects (master)
$
