sityagi@sityagi-X1Yoga MINGW64 ~
$ pwd
/c/Users/sityagi

sityagi@sityagi-X1Yoga MINGW64 ~
$ cd Desktop/

sityagi@sityagi-X1Yoga MINGW64 ~/Desktop
$ cd TRASH

sityagi@sityagi-X1Yoga MINGW64 ~/Desktop/TRASH
$ pwd
/c/Users/sityagi/Desktop/TRASH

sityagi@sityagi-X1Yoga MINGW64 ~/Desktop/TRASH
$ git clone https://github.com/tyagi-nishant/Data-Science-Proj-Sol.git
Cloning into 'Data-Science-Proj-Sol'...
remote: Enumerating objects: 75, done.
remote: Counting objects: 100% (75/75), done.
remote: Compressing objects: 100% (58/58), done.
remote: Total 75 (delta 10), reused 73 (delta 8), pack-reused 0
Unpacking objects: 100% (75/75), done.

sityagi@sityagi-X1Yoga MINGW64 ~/Desktop/TRASH
$ pwd
/c/Users/sityagi/Desktop/TRASH

sityagi@sityagi-X1Yoga MINGW64 ~/Desktop/TRASH
$ git status
fatal: Not a git repository (or any of the parent directories): .git

sityagi@sityagi-X1Yoga MINGW64 ~/Desktop/TRASH
$ cd Data-Science-Proj-Sol/

sityagi@sityagi-X1Yoga MINGW64 ~/Desktop/TRASH/Data-Science-Proj-Sol (master)
$ git status
On branch master
Your branch is up-to-date with 'origin/master'.
nothing to commit, working tree clean

sityagi@sityagi-X1Yoga MINGW64 ~/Desktop/TRASH/Data-Science-Proj-Sol (master)
$ pwd
/c/Users/sityagi/Desktop/TRASH/Data-Science-Proj-Sol

sityagi@sityagi-X1Yoga MINGW64 ~/Desktop/TRASH/Data-Science-Proj-Sol (master)
$

sityagi@sityagi-X1Yoga MINGW64 ~/Desktop/TRASH/Data-Science-Proj-Sol (master)
$

sityagi@sityagi-X1Yoga MINGW64 ~/Desktop/TRASH/Data-Science-Proj-Sol (master)
$ git branch
* master

sityagi@sityagi-X1Yoga MINGW64 ~/Desktop/TRASH/Data-Science-Proj-Sol (master)
$ git checkout -b dev/sidtyagi/test_branch
Switched to a new branch 'dev/sidtyagi/test_branch'

sityagi@sityagi-X1Yoga MINGW64 ~/Desktop/TRASH/Data-Science-Proj-Sol (dev/sidtyagi/test_branch)
$ git branch
* dev/sidtyagi/test_branch
  master

sityagi@sityagi-X1Yoga MINGW64 ~/Desktop/TRASH/Data-Science-Proj-Sol (dev/sidtyagi/test_branch)
$

sityagi@sityagi-X1Yoga MINGW64 ~/Desktop/TRASH/Data-Science-Proj-Sol (dev/sidtyagi/test_branch)
$

sityagi@sityagi-X1Yoga MINGW64 ~/Desktop/TRASH/Data-Science-Proj-Sol (dev/sidtyagi/test_branch)
$

sityagi@sityagi-X1Yoga MINGW64 ~/Desktop/TRASH/Data-Science-Proj-Sol (dev/sidtyagi/test_branch)
$

sityagi@sityagi-X1Yoga MINGW64 ~/Desktop/TRASH/Data-Science-Proj-Sol (dev/sidtyagi/test_branch)
$

sityagi@sityagi-X1Yoga MINGW64 ~/Desktop/TRASH/Data-Science-Proj-Sol (dev/sidtyagi/test_branch)
$

sityagi@sityagi-X1Yoga MINGW64 ~/Desktop/TRASH/Data-Science-Proj-Sol (dev/sidtyagi/test_branch)
$ git status
On branch dev/sidtyagi/test_branch
Untracked files:
  (use "git add <file>..." to include in what will be committed)

        sample steps for Git Add/

nothing added to commit but untracked files present (use "git add" to track)

sityagi@sityagi-X1Yoga MINGW64 ~/Desktop/TRASH/Data-Science-Proj-Sol (dev/sidtyagi/test_branch)
$ git add sample\ steps\ for\ Git\ Add/

sityagi@sityagi-X1Yoga MINGW64 ~/Desktop/TRASH/Data-Science-Proj-Sol (dev/sidtyagi/test_branch)
$ git status
On branch dev/sidtyagi/test_branch
Changes to be committed:
  (use "git reset HEAD <file>..." to unstage)

        new file:   sample steps for Git Add/notes.txt


sityagi@sityagi-X1Yoga MINGW64 ~/Desktop/TRASH/Data-Science-Proj-Sol (dev/sidtyagi/test_branch)
$ git commit -m "adding few steps"
[dev/sidtyagi/test_branch 8c53296] adding few steps
 1 file changed, 71 insertions(+)
 create mode 100644 sample steps for Git Add/notes.txt

sityagi@sityagi-X1Yoga MINGW64 ~/Desktop/TRASH/Data-Science-Proj-Sol (dev/sidtyagi/test_branch)
$ git push
fatal: The current branch dev/sidtyagi/test_branch has no upstream branch.
To push the current branch and set the remote as upstream, use

    git push --set-upstream origin dev/sidtyagi/test_branch


sityagi@sityagi-X1Yoga MINGW64 ~/Desktop/TRASH/Data-Science-Proj-Sol (dev/sidtyagi/test_branch)
$

sityagi@sityagi-X1Yoga MINGW64 ~/Desktop/TRASH/Data-Science-Proj-Sol (dev/sidtyagi/test_branch)
$  git push --set-upstream origin dev/sidtyagi/test_branch
fatal: HttpRequestException encountered.
   An error occurred while sending the request.
Username for 'https://github.com': sidtyagi
Counting objects: 4, done.
Delta compression using up to 4 threads.
Compressing objects: 100% (3/3), done.
Writing objects: 100% (4/4), 819 bytes | 0 bytes/s, done.
Total 4 (delta 1), reused 0 (delta 0)
remote: Resolving deltas: 100% (1/1), completed with 1 local object.
remote:
remote: Create a pull request for 'dev/sidtyagi/test_branch' on GitHub by visiting:
remote:      https://github.com/tyagi-nishant/Data-Science-Proj-Sol/pull/new/dev/sidtyagi/test_branch
remote:
To https://github.com/tyagi-nishant/Data-Science-Proj-Sol.git
 * [new branch]      dev/sidtyagi/test_branch -> dev/sidtyagi/test_branch
Branch dev/sidtyagi/test_branch set up to track remote branch dev/sidtyagi/test_branch from origin.

sityagi@sityagi-X1Yoga MINGW64 ~/Desktop/TRASH/Data-Science-Proj-Sol (dev/sidtyagi/test_branch)
$

sityagi@sityagi-X1Yoga MINGW64 ~/Desktop/TRASH/Data-Science-Proj-Sol (dev/sidtyagi/test_branch)
$

sityagi@sityagi-X1Yoga MINGW64 ~/Desktop/TRASH/Data-Science-Proj-Sol (dev/sidtyagi/test_branch)
$

sityagi@sityagi-X1Yoga MINGW64 ~/Desktop/TRASH/Data-Science-Proj-Sol (dev/sidtyagi/test_branch)
$

sityagi@sityagi-X1Yoga MINGW64 ~/Desktop/TRASH/Data-Science-Proj-Sol (dev/sidtyagi/test_branch)
$

sityagi@sityagi-X1Yoga MINGW64 ~/Desktop/TRASH/Data-Science-Proj-Sol (dev/sidtyagi/test_branch)
$

sityagi@sityagi-X1Yoga MINGW64 ~/Desktop/TRASH/Data-Science-Proj-Sol (dev/sidtyagi/test_branch)
$

sityagi@sityagi-X1Yoga MINGW64 ~/Desktop/TRASH/Data-Science-Proj-Sol (dev/sidtyagi/test_branch)
$

